// Jest Snapshot v1, https://goo.gl/fbAQLP

exports[`renders without crashing 1`] = `
<div
  className="MuiGrid-root MuiGrid-container MuiGrid-spacing-xs-3"
>
  <div
    className="MuiGrid-root MuiGrid-item MuiGrid-grid-xs-12 MuiGrid-grid-md-8 MuiGrid-grid-lg-9"
  >
    <div
      className="makeStyles-wrapper-1"
    />
  </div>
  <div
    className="MuiGrid-root MuiGrid-item MuiGrid-grid-xs-12 MuiGrid-grid-md-4 MuiGrid-grid-lg-3"
  >
    <div
      className="MuiPaper-root MuiPaper-elevation1 makeStyles-wrapper-1 makeStyles-fixedHeight-2 MuiPaper-rounded"
    >
      <div>
        PLACE FOR THIS 2
      </div>
    </div>
  </div>
</div>
`;
